This is Day1

Deepti@VAIO-Deepti MINGW64 ~ (master)
$ cd F:

Deepti@VAIO-Deepti MINGW64 /f
$ ls
'$RECYCLE.BIN'/  Java-Workout/   'marymoor park'/              'Trip Pictures'/
Books/           'Lake Chelan'/  'System Volume Information'/  workout-notes/

Deepti@VAIO-Deepti MINGW64 /f
$ cd
$RECYCLE.BIN/              marymoor park/
Books/                     System Volume Information/
Java-Workout/              Trip Pictures/
Lake Chelan/               workout-notes/

Deepti@VAIO-Deepti MINGW64 /f
$ cd Java-Workout/

Deepti@VAIO-Deepti MINGW64 /f/Java-Workout (master)
$ ls
JavaWorkout.iml  out/  src/

Deepti@VAIO-Deepti MINGW64 /f/Java-Workout (master)
$ cd ..

Deepti@VAIO-Deepti MINGW64 /f
$ git clone https://github.com/deeptig89/Java-Workout.git
Cloning into 'Java-Workout'...
remote: Counting objects: 3, done.
remote: Total 3 (delta 0), reused 0 (delta 0), pack-reused 0
Unpacking objects: 100% (3/3), done.

Deepti@VAIO-Deepti MINGW64 /f
$ ls
'$RECYCLE.BIN'/  JW/               'System Volume Information'/
Books/           'Lake Chelan'/    'Trip Pictures'/
Java-Workout/    'marymoor park'/  workout-notes/

Deepti@VAIO-Deepti MINGW64 /f
$ cd J
Java-Workout/ JW/

Deepti@VAIO-Deepti MINGW64 /f
$ cd Ja
bash: cd: Ja: No such file or directory

Deepti@VAIO-Deepti MINGW64 /f
$ cd Java-Workout/ls
bash: cd: Java-Workout/ls: No such file or directory

Deepti@VAIO-Deepti MINGW64 /f
$ cd Java-Workout/

Deepti@VAIO-Deepti MINGW64 /f/Java-Workout (master)
$ ls
README.md

Deepti@VAIO-Deepti MINGW64 /f/Java-Workout (master)
$ mkdir Day1

Deepti@VAIO-Deepti MINGW64 /f/Java-Workout (master)
$ ls
Day1/  README.md

Deepti@VAIO-Deepti MINGW64 /f/Java-Workout (master)
$ cd Day1

Deepti@VAIO-Deepti MINGW64 /f/Java-Workout/Day1 (master)
$ touch Notes.txt

Deepti@VAIO-Deepti MINGW64 /f/Java-Workout/Day1 (master)
$ ls
Notes.txt

Deepti@VAIO-Deepti MINGW64 /f/Java-Workout/Day1 (master)
$ ^C

Deepti@VAIO-Deepti MINGW64 /f/Java-Workout/Day1 (master)
$ git status
On branch master
Your branch is up-to-date with 'origin/master'.
Untracked files:
  (use "git add <file>..." to include in what will be committed)

        ./

nothing added to commit but untracked files present (use "git add" to track)

Deepti@VAIO-Deepti MINGW64 /f/Java-Workout/Day1 (master)
$ git add
Nothing specified, nothing added.
Maybe you wanted to say 'git add .'?

Deepti@VAIO-Deepti MINGW64 /f/Java-Workout/Day1 (master)
$ git add -A

Deepti@VAIO-Deepti MINGW64 /f/Java-Workout/Day1 (master)
$ git status
On branch master
Your branch is up-to-date with 'origin/master'.
Changes to be committed:
  (use "git reset HEAD <file>..." to unstage)

        new file:   Notes.txt


Deepti@VAIO-Deepti MINGW64 /f/Java-Workout/Day1 (master)
$ git commit -
error: pathspec '-' did not match any file(s) known to git.

Deepti@VAIO-Deepti MINGW64 /f/Java-Workout/Day1 (master)
$ git commit -am
error: switch `m' requires a value
usage: git commit [<options>] [--] <pathspec>...

    -q, --quiet           suppress summary after successful commit
    -v, --verbose         show diff in commit message template

Commit message options
    -F, --file <file>     read message from file
    --author <author>     override author for commit
    --date <date>         override date for commit
    -m, --message <message>
                          commit message
    -c, --reedit-message <commit>
                          reuse and edit message from specified commit
    -C, --reuse-message <commit>
                          reuse message from specified commit
    --fixup <commit>      use autosquash formatted message to fixup specified commit
    --squash <commit>     use autosquash formatted message to squash specified commit
    --reset-author        the commit is authored by me now (used with -C/-c/--amend)
    -s, --signoff         add Signed-off-by:
    -t, --template <file>
                          use specified template file
    -e, --edit            force edit of commit
    --cleanup <default>   how to strip spaces and #comments from message
    --status              include status in commit message template
    -S, --gpg-sign[=<key-id>]
                          GPG sign commit

Commit contents options
    -a, --all             commit all changed files
    -i, --include         add specified files to index for commit
    --interactive         interactively add files
    -p, --patch           interactively add changes
    -o, --only            commit only specified files
    -n, --no-verify       bypass pre-commit and commit-msg hooks
    --dry-run             show what would be committed
    --short               show status concisely
    --branch              show branch information
    --porcelain           machine-readable output
    --long                show status in long format (default)
    -z, --null            terminate entries with NUL
    --amend               amend previous commit
    --no-post-rewrite     bypass post-rewrite hook
    -u, --untracked-files[=<mode>]
                          show untracked files, optional modes: all, normal, no. (Default: all)


Deepti@VAIO-Deepti MINGW64 /f/Java-Workout/Day1 (master)
$ git commit -am "Day1-First commit"
[master 6f0848b] Day1-First commit
 1 file changed, 76 insertions(+)
 create mode 100644 Day1/Notes.txt

Deepti@VAIO-Deepti MINGW64 /f/Java-Workout/Day1 (master)
$ git status
On branch master
Your branch is ahead of 'origin/master' by 1 commit.
  (use "git push" to publish your local commits)
nothing to commit, working tree clean

Deepti@VAIO-Deepti MINGW64 /f/Java-Workout/Day1 (master)
$ git log
commit 6f0848b99779fb6abf0fe78af6b34b25da759c91
Author: Deepti <deepti.garlapati@gmail.com>
Date:   Wed Nov 2 18:16:38 2016 -0700

    Day1-First commit

commit f529f533f8944e43f2f2fed9d06ca6671fba3ce2
Author: deeptig89 <deepti.garlapati@gmail.com>
Date:   Wed Nov 2 17:30:23 2016 -0700

    Initial commit

Deepti@VAIO-Deepti MINGW64 /f/Java-Workout/Day1 (master)
$ git push
Counting objects: 4, done.
Delta compression using up to 4 threads.
Compressing objects: 100% (3/3), done.
Writing objects: 100% (4/4), 812 bytes | 0 bytes/s, done.
Total 4 (delta 0), reused 0 (delta 0)
To https://github.com/deeptig89/Java-Workout.git
   f529f53..6f0848b  master -> master

Deepti@VAIO-Deepti MINGW64 /f/Java-Workout/Day1 (master)
$ git s
git: 's' is not a git command. See 'git --help'.

Did you mean one of these?
        show
        status
        svn

Deepti@VAIO-Deepti MINGW64 /f/Java-Workout/Day1 (master)
$ git status
On branch master
Your branch is up-to-date with 'origin/master'.
Untracked files:
  (use "git add <file>..." to include in what will be committed)

        ../JW/

nothing added to commit but untracked files present (use "git add" to track)

Deepti@VAIO-Deepti MINGW64 /f/Java-Workout/Day1 (master)
$ git add -A

Deepti@VAIO-Deepti MINGW64 /f/Java-Workout/Day1 (master)
$ git status
On branch master
Your branch is up-to-date with 'origin/master'.
Changes to be committed:
  (use "git reset HEAD <file>..." to unstage)

        new file:   ../JW


Deepti@VAIO-Deepti MINGW64 /f/Java-Workout/Day1 (master)
$ git commit -am
error: switch `m' requires a value
usage: git commit [<options>] [--] <pathspec>...

    -q, --quiet           suppress summary after successful commit
    -v, --verbose         show diff in commit message template

Commit message options
    -F, --file <file>     read message from file
    --author <author>     override author for commit
    --date <date>         override date for commit
    -m, --message <message>
                          commit message
    -c, --reedit-message <commit>
                          reuse and edit message from specified commit
    -C, --reuse-message <commit>
                          reuse message from specified commit
    --fixup <commit>      use autosquash formatted message to fixup specified commit
    --squash <commit>     use autosquash formatted message to squash specified commit
    --reset-author        the commit is authored by me now (used with -C/-c/--amend)
    -s, --signoff         add Signed-off-by:
    -t, --template <file>
                          use specified template file
    -e, --edit            force edit of commit
    --cleanup <default>   how to strip spaces and #comments from message
    --status              include status in commit message template
    -S, --gpg-sign[=<key-id>]
                          GPG sign commit

Commit contents options
    -a, --all             commit all changed files
    -i, --include         add specified files to index for commit
    --interactive         interactively add files
    -p, --patch           interactively add changes
    -o, --only            commit only specified files
    -n, --no-verify       bypass pre-commit and commit-msg hooks
    --dry-run             show what would be committed
    --short               show status concisely
    --branch              show branch information
    --porcelain           machine-readable output
    --long                show status in long format (default)
    -z, --null            terminate entries with NUL
    --amend               amend previous commit
    --no-post-rewrite     bypass post-rewrite hook
    -u, --untracked-files[=<mode>]
                          show untracked files, optional modes: all, normal, no. (Default: all)


Deepti@VAIO-Deepti MINGW64 /f/Java-Workout/Day1 (master)
$ git commit -am "Adding Day1 program"
[master 2066000] Adding Day1 program
 1 file changed, 1 insertion(+)
 create mode 160000 JW

Deepti@VAIO-Deepti MINGW64 /f/Java-Workout/Day1 (master)
$ git status
On branch master
Your branch is ahead of 'origin/master' by 1 commit.
  (use "git push" to publish your local commits)
nothing to commit, working tree clean

Deepti@VAIO-Deepti MINGW64 /f/Java-Workout/Day1 (master)
$ git push
Counting objects: 2, done.
Delta compression using up to 4 threads.
Compressing objects: 100% (2/2), done.
Writing objects: 100% (2/2), 297 bytes | 0 bytes/s, done.
Total 2 (delta 0), reused 0 (delta 0)
To https://github.com/deeptig89/Java-Workout.git
   6f0848b..2066000  master -> master

